// Jest Snapshot v1, https://goo.gl/fbAQLP

exports[`Does component render test 1`] = `
ReactTestInstance {
  "_fiber": FiberNode {
    "_debugHookTypes": Array [
      "useContext",
    ],
    "_debugID": 3,
    "_debugNeedsRemount": false,
    "_debugOwner": null,
    "_debugSource": null,
    "actualDuration": 0,
    "actualStartTime": -1,
    "alternate": null,
    "child": FiberNode {
      "_debugHookTypes": null,
      "_debugID": 4,
      "_debugNeedsRemount": false,
      "_debugOwner": [Circular],
      "_debugSource": null,
      "actualDuration": 0,
      "actualStartTime": -1,
      "alternate": null,
      "child": FiberNode {
        "_debugHookTypes": null,
        "_debugID": 5,
        "_debugNeedsRemount": false,
        "_debugOwner": [Circular],
        "_debugSource": null,
        "actualDuration": 0,
        "actualStartTime": -1,
        "alternate": null,
        "child": FiberNode {
          "_debugHookTypes": null,
          "_debugID": 6,
          "_debugNeedsRemount": false,
          "_debugOwner": null,
          "_debugSource": null,
          "actualDuration": 0,
          "actualStartTime": -1,
          "alternate": null,
          "child": null,
          "childLanes": 0,
          "dependencies": null,
          "elementType": null,
          "firstEffect": null,
          "flags": 0,
          "index": 0,
          "key": null,
          "lanes": 0,
          "lastEffect": null,
          "memoizedProps": "Test",
          "memoizedState": null,
          "mode": 0,
          "nextEffect": null,
          "pendingProps": "Test",
          "ref": null,
          "return": [Circular],
          "selfBaseDuration": 0,
          "sibling": null,
          "stateNode": Object {
            "isHidden": false,
            "tag": "TEXT",
            "text": "Test",
          },
          "tag": 6,
          "treeBaseDuration": 0,
          "type": null,
          "updateQueue": null,
        },
        "childLanes": 0,
        "dependencies": null,
        "elementType": "Text",
        "firstEffect": null,
        "flags": 0,
        "index": 0,
        "key": null,
        "lanes": 0,
        "lastEffect": null,
        "memoizedProps": Object {
          "children": "Test",
          "maxFontSizeMultiplier": 1,
          "style": Array [
            Object {
              "bottom": -5,
              "color": "#333333",
              "fontSize": 15.714285714285714,
              "marginBottom": 0,
              "textAlign": "center",
              "textAlignVertical": "center",
            },
            undefined,
          ],
        },
        "memoizedState": null,
        "mode": 0,
        "nextEffect": null,
        "pendingProps": Object {
          "children": "Test",
          "maxFontSizeMultiplier": 1,
          "style": Array [
            Object {
              "bottom": -5,
              "color": "#333333",
              "fontSize": 15.714285714285714,
              "marginBottom": 0,
              "textAlign": "center",
              "textAlignVertical": "center",
            },
            undefined,
          ],
        },
        "ref": null,
        "return": [Circular],
        "selfBaseDuration": 0,
        "sibling": null,
        "stateNode": Object {
          "children": Array [
            Object {
              "isHidden": false,
              "tag": "TEXT",
              "text": "Test",
            },
          ],
          "internalInstanceHandle": [Circular],
          "isHidden": false,
          "props": Object {
            "children": "Test",
            "maxFontSizeMultiplier": 1,
            "style": Array [
              Object {
                "bottom": -5,
                "color": "#333333",
                "fontSize": 15.714285714285714,
                "marginBottom": 0,
                "textAlign": "center",
                "textAlignVertical": "center",
              },
              undefined,
            ],
          },
          "rootContainerInstance": Object {
            "children": Array [
              [Circular],
            ],
            "createNodeMock": [Function],
            "tag": "CONTAINER",
          },
          "tag": "INSTANCE",
          "type": "Text",
        },
        "tag": 5,
        "treeBaseDuration": 0,
        "type": "Text",
        "updateQueue": null,
      },
      "childLanes": 0,
      "dependencies": null,
      "elementType": [Function],
      "firstEffect": null,
      "flags": 1,
      "index": 0,
      "key": null,
      "lanes": 0,
      "lastEffect": null,
      "memoizedProps": Object {
        "children": "Test",
        "maxFontSizeMultiplier": 1,
        "style": Array [
          Object {
            "bottom": -5,
            "color": "#333333",
            "fontSize": 15.714285714285714,
            "marginBottom": 0,
            "textAlign": "center",
            "textAlignVertical": "center",
          },
          undefined,
        ],
      },
      "memoizedState": null,
      "mode": 0,
      "nextEffect": null,
      "pendingProps": Object {
        "children": "Test",
        "maxFontSizeMultiplier": 1,
        "style": Array [
          Object {
            "bottom": -5,
            "color": "#333333",
            "fontSize": 15.714285714285714,
            "marginBottom": 0,
            "textAlign": "center",
            "textAlignVertical": "center",
          },
          undefined,
        ],
      },
      "ref": null,
      "return": [Circular],
      "selfBaseDuration": 0,
      "sibling": null,
      "stateNode": Component {
        "_reactInternalInstance": Object {},
        "_reactInternals": [Circular],
        "context": Object {},
        "props": Object {
          "children": "Test",
          "maxFontSizeMultiplier": 1,
          "style": Array [
            Object {
              "bottom": -5,
              "color": "#333333",
              "fontSize": 15.714285714285714,
              "marginBottom": 0,
              "textAlign": "center",
              "textAlignVertical": "center",
            },
            undefined,
          ],
        },
        "refs": Object {},
        "state": null,
        "updater": Object {
          "enqueueForceUpdate": [Function],
          "enqueueReplaceState": [Function],
          "enqueueSetState": [Function],
          "isMounted": [Function],
        },
      },
      "tag": 1,
      "treeBaseDuration": 0,
      "type": [Function],
      "updateQueue": Object {
        "baseState": null,
        "effects": null,
        "firstBaseUpdate": null,
        "lastBaseUpdate": null,
        "shared": Object {
          "pending": null,
        },
      },
    },
    "childLanes": 0,
    "dependencies": Object {
      "firstContext": Object {
        "context": Object {
          "$$typeof": Symbol(react.context),
          "Consumer": Object {
            "$$typeof": Symbol(react.context),
            "_calculateChangedBits": null,
            "_context": [Circular],
          },
          "Provider": Object {
            "$$typeof": Symbol(react.provider),
            "_context": [Circular],
          },
          "_calculateChangedBits": null,
          "_currentRenderer": null,
          "_currentRenderer2": null,
          "_currentValue": Object {
            "setThemeID": [Function],
            "theme": Object {
              "CONTENT_HEIGHT": 1269.7142857142858,
              "CONTENT_WIDTH": 685.7142857142858,
              "SCREEN_HEIGHT": 1334,
              "SCREEN_MARGIN": 64.28571428571428,
              "SCREEN_WIDTH": 750,
              "borderRadius": 20,
              "colours": Object {
                "backgroundColours": Object {
                  "primary": "#F5F5F5",
                  "secondary": "#ECEEF0",
                },
                "buttonColours": Object {
                  "border": "#999999",
                  "primary": "#4D4D4D",
                },
                "textColours": Object {
                  "primary": "#333333",
                  "secondary": "#999999",
                  "tertiary": "#E6E6E6",
                },
              },
              "font": Object {
                "bold": "",
                "regular": "",
              },
              "fontSize": Object {
                "l": "2rem",
                "m": "1.6rem",
                "sm": "1.2rem",
                "xl": "2.4rem",
                "xsm": "1rem",
                "xxl": "3.2rem",
                "xxxl": "4.6rem",
              },
              "key": "default",
              "padding": 4,
            },
          },
          "_currentValue2": Object {
            "setThemeID": [Function],
            "theme": Object {
              "CONTENT_HEIGHT": 1269.7142857142858,
              "CONTENT_WIDTH": 685.7142857142858,
              "SCREEN_HEIGHT": 1334,
              "SCREEN_MARGIN": 64.28571428571428,
              "SCREEN_WIDTH": 750,
              "borderRadius": 20,
              "colours": Object {
                "backgroundColours": Object {
                  "primary": "#F5F5F5",
                  "secondary": "#ECEEF0",
                },
                "buttonColours": Object {
                  "border": "#999999",
                  "primary": "#4D4D4D",
                },
                "textColours": Object {
                  "primary": "#333333",
                  "secondary": "#999999",
                  "tertiary": "#E6E6E6",
                },
              },
              "font": Object {
                "bold": "",
                "regular": "",
              },
              "fontSize": Object {
                "l": "2rem",
                "m": "1.6rem",
                "sm": "1.2rem",
                "xl": "2.4rem",
                "xsm": "1rem",
                "xxl": "3.2rem",
                "xxxl": "4.6rem",
              },
              "key": "default",
              "padding": 4,
            },
          },
          "_threadCount": 0,
        },
        "next": null,
        "observedBits": 1073741823,
      },
      "lanes": 0,
      "responders": null,
    },
    "elementType": [Function],
    "firstEffect": null,
    "flags": 1,
    "index": 0,
    "key": null,
    "lanes": 0,
    "lastEffect": null,
    "memoizedProps": Object {
      "children": "Test",
    },
    "memoizedState": null,
    "mode": 0,
    "nextEffect": null,
    "pendingProps": Object {
      "children": "Test",
    },
    "ref": null,
    "return": FiberNode {
      "_debugHookTypes": null,
      "_debugID": 1,
      "_debugNeedsRemount": false,
      "_debugOwner": null,
      "_debugSource": null,
      "actualDuration": 0,
      "actualStartTime": -1,
      "alternate": FiberNode {
        "_debugHookTypes": null,
        "_debugID": 1,
        "_debugNeedsRemount": false,
        "_debugOwner": null,
        "_debugSource": null,
        "actualDuration": 0,
        "actualStartTime": -1,
        "alternate": [Circular],
        "child": null,
        "childLanes": 0,
        "dependencies": null,
        "elementType": null,
        "firstEffect": null,
        "flags": 0,
        "index": 0,
        "key": null,
        "lanes": 1,
        "lastEffect": null,
        "memoizedProps": null,
        "memoizedState": null,
        "mode": 0,
        "nextEffect": null,
        "pendingProps": null,
        "ref": null,
        "return": null,
        "selfBaseDuration": 0,
        "sibling": null,
        "stateNode": FiberRootNode {
          "_debugRootType": "createLegacyRoot()",
          "callbackNode": null,
          "callbackPriority": 15,
          "containerInfo": Object {
            "children": Array [
              Object {
                "children": Array [
                  Object {
                    "isHidden": false,
                    "tag": "TEXT",
                    "text": "Test",
                  },
                ],
                "internalInstanceHandle": FiberNode {
                  "_debugHookTypes": null,
                  "_debugID": 5,
                  "_debugNeedsRemount": false,
                  "_debugOwner": FiberNode {
                    "_debugHookTypes": null,
                    "_debugID": 4,
                    "_debugNeedsRemount": false,
                    "_debugOwner": [Circular],
                    "_debugSource": null,
                    "actualDuration": 0,
                    "actualStartTime": -1,
                    "alternate": null,
                    "child": [Circular],
                    "childLanes": 0,
                    "dependencies": null,
                    "elementType": [Function],
                    "firstEffect": null,
                    "flags": 1,
                    "index": 0,
                    "key": null,
                    "lanes": 0,
                    "lastEffect": null,
                    "memoizedProps": Object {
                      "children": "Test",
                      "maxFontSizeMultiplier": 1,
                      "style": Array [
                        Object {
                          "bottom": -5,
                          "color": "#333333",
                          "fontSize": 15.714285714285714,
                          "marginBottom": 0,
                          "textAlign": "center",
                          "textAlignVertical": "center",
                        },
                        undefined,
                      ],
                    },
                    "memoizedState": null,
                    "mode": 0,
                    "nextEffect": null,
                    "pendingProps": Object {
                      "children": "Test",
                      "maxFontSizeMultiplier": 1,
                      "style": Array [
                        Object {
                          "bottom": -5,
                          "color": "#333333",
                          "fontSize": 15.714285714285714,
                          "marginBottom": 0,
                          "textAlign": "center",
                          "textAlignVertical": "center",
                        },
                        undefined,
                      ],
                    },
                    "ref": null,
                    "return": [Circular],
                    "selfBaseDuration": 0,
                    "sibling": null,
                    "stateNode": Component {
                      "_reactInternalInstance": Object {},
                      "_reactInternals": [Circular],
                      "context": Object {},
                      "props": Object {
                        "children": "Test",
                        "maxFontSizeMultiplier": 1,
                        "style": Array [
                          Object {
                            "bottom": -5,
                            "color": "#333333",
                            "fontSize": 15.714285714285714,
                            "marginBottom": 0,
                            "textAlign": "center",
                            "textAlignVertical": "center",
                          },
                          undefined,
                        ],
                      },
                      "refs": Object {},
                      "state": null,
                      "updater": Object {
                        "enqueueForceUpdate": [Function],
                        "enqueueReplaceState": [Function],
                        "enqueueSetState": [Function],
                        "isMounted": [Function],
                      },
                    },
                    "tag": 1,
                    "treeBaseDuration": 0,
                    "type": [Function],
                    "updateQueue": Object {
                      "baseState": null,
                      "effects": null,
                      "firstBaseUpdate": null,
                      "lastBaseUpdate": null,
                      "shared": Object {
                        "pending": null,
                      },
                    },
                  },
                  "_debugSource": null,
                  "actualDuration": 0,
                  "actualStartTime": -1,
                  "alternate": null,
                  "child": FiberNode {
                    "_debugHookTypes": null,
                    "_debugID": 6,
                    "_debugNeedsRemount": false,
                    "_debugOwner": null,
                    "_debugSource": null,
                    "actualDuration": 0,
                    "actualStartTime": -1,
                    "alternate": null,
                    "child": null,
                    "childLanes": 0,
                    "dependencies": null,
                    "elementType": null,
                    "firstEffect": null,
                    "flags": 0,
                    "index": 0,
                    "key": null,
                    "lanes": 0,
                    "lastEffect": null,
                    "memoizedProps": "Test",
                    "memoizedState": null,
                    "mode": 0,
                    "nextEffect": null,
                    "pendingProps": "Test",
                    "ref": null,
                    "return": [Circular],
                    "selfBaseDuration": 0,
                    "sibling": null,
                    "stateNode": Object {
                      "isHidden": false,
                      "tag": "TEXT",
                      "text": "Test",
                    },
                    "tag": 6,
                    "treeBaseDuration": 0,
                    "type": null,
                    "updateQueue": null,
                  },
                  "childLanes": 0,
                  "dependencies": null,
                  "elementType": "Text",
                  "firstEffect": null,
                  "flags": 0,
                  "index": 0,
                  "key": null,
                  "lanes": 0,
                  "lastEffect": null,
                  "memoizedProps": Object {
                    "children": "Test",
                    "maxFontSizeMultiplier": 1,
                    "style": Array [
                      Object {
                        "bottom": -5,
                        "color": "#333333",
                        "fontSize": 15.714285714285714,
                        "marginBottom": 0,
                        "textAlign": "center",
                        "textAlignVertical": "center",
                      },
                      undefined,
                    ],
                  },
                  "memoizedState": null,
                  "mode": 0,
                  "nextEffect": null,
                  "pendingProps": Object {
                    "children": "Test",
                    "maxFontSizeMultiplier": 1,
                    "style": Array [
                      Object {
                        "bottom": -5,
                        "color": "#333333",
                        "fontSize": 15.714285714285714,
                        "marginBottom": 0,
                        "textAlign": "center",
                        "textAlignVertical": "center",
                      },
                      undefined,
                    ],
                  },
                  "ref": null,
                  "return": FiberNode {
                    "_debugHookTypes": null,
                    "_debugID": 4,
                    "_debugNeedsRemount": false,
                    "_debugOwner": [Circular],
                    "_debugSource": null,
                    "actualDuration": 0,
                    "actualStartTime": -1,
                    "alternate": null,
                    "child": [Circular],
                    "childLanes": 0,
                    "dependencies": null,
                    "elementType": [Function],
                    "firstEffect": null,
                    "flags": 1,
                    "index": 0,
                    "key": null,
                    "lanes": 0,
                    "lastEffect": null,
                    "memoizedProps": Object {
                      "children": "Test",
                      "maxFontSizeMultiplier": 1,
                      "style": Array [
                        Object {
                          "bottom": -5,
                          "color": "#333333",
                          "fontSize": 15.714285714285714,
                          "marginBottom": 0,
                          "textAlign": "center",
                          "textAlignVertical": "center",
                        },
                        undefined,
                      ],
                    },
                    "memoizedState": null,
                    "mode": 0,
                    "nextEffect": null,
                    "pendingProps": Object {
                      "children": "Test",
                      "maxFontSizeMultiplier": 1,
                      "style": Array [
                        Object {
                          "bottom": -5,
                          "color": "#333333",
                          "fontSize": 15.714285714285714,
                          "marginBottom": 0,
                          "textAlign": "center",
                          "textAlignVertical": "center",
                        },
                        undefined,
                      ],
                    },
                    "ref": null,
                    "return": [Circular],
                    "selfBaseDuration": 0,
                    "sibling": null,
                    "stateNode": Component {
                      "_reactInternalInstance": Object {},
                      "_reactInternals": [Circular],
                      "context": Object {},
                      "props": Object {
                        "children": "Test",
                        "maxFontSizeMultiplier": 1,
                        "style": Array [
                          Object {
                            "bottom": -5,
                            "color": "#333333",
                            "fontSize": 15.714285714285714,
                            "marginBottom": 0,
                            "textAlign": "center",
                            "textAlignVertical": "center",
                          },
                          undefined,
                        ],
                      },
                      "refs": Object {},
                      "state": null,
                      "updater": Object {
                        "enqueueForceUpdate": [Function],
                        "enqueueReplaceState": [Function],
                        "enqueueSetState": [Function],
                        "isMounted": [Function],
                      },
                    },
                    "tag": 1,
                    "treeBaseDuration": 0,
                    "type": [Function],
                    "updateQueue": Object {
                      "baseState": null,
                      "effects": null,
                      "firstBaseUpdate": null,
                      "lastBaseUpdate": null,
                      "shared": Object {
                        "pending": null,
                      },
                    },
                  },
                  "selfBaseDuration": 0,
                  "sibling": null,
                  "stateNode": [Circular],
                  "tag": 5,
                  "treeBaseDuration": 0,
                  "type": "Text",
                  "updateQueue": null,
                },
                "isHidden": false,
                "props": Object {
                  "children": "Test",
                  "maxFontSizeMultiplier": 1,
                  "style": Array [
                    Object {
                      "bottom": -5,
                      "color": "#333333",
                      "fontSize": 15.714285714285714,
                      "marginBottom": 0,
                      "textAlign": "center",
                      "textAlignVertical": "center",
                    },
                    undefined,
                  ],
                },
                "rootContainerInstance": [Circular],
                "tag": "INSTANCE",
                "type": "Text",
              },
            ],
            "createNodeMock": [Function],
            "tag": "CONTAINER",
          },
          "context": Object {},
          "current": [Circular],
          "entangledLanes": 0,
          "entanglements": Array [
            0,
            0,
            0,
            0,
            0,
            0,
            0,
            0,
            0,
            0,
            0,
            0,
            0,
            0,
            0,
            0,
            0,
            0,
            0,
            0,
            0,
            0,
            0,
            0,
            0,
            0,
            0,
            0,
            0,
            0,
            0,
          ],
          "eventTimes": Array [
            -1,
            0,
            0,
            0,
            0,
            0,
            0,
            0,
            0,
            0,
            0,
            0,
            0,
            0,
            0,
            0,
            0,
            0,
            0,
            0,
            0,
            0,
            0,
            0,
            0,
            0,
            0,
            0,
            0,
            0,
            0,
          ],
          "expirationTimes": Array [
            -1,
            -1,
            -1,
            -1,
            -1,
            -1,
            -1,
            -1,
            -1,
            -1,
            -1,
            -1,
            -1,
            -1,
            -1,
            -1,
            -1,
            -1,
            -1,
            -1,
            -1,
            -1,
            -1,
            -1,
            -1,
            -1,
            -1,
            -1,
            -1,
            -1,
            -1,
          ],
          "expiredLanes": 0,
          "finishedLanes": 0,
          "finishedWork": null,
          "hydrate": false,
          "interactionThreadID": 1,
          "memoizedInteractions": Set {},
          "mutableReadLanes": 0,
          "pendingChildren": null,
          "pendingContext": null,
          "pendingInteractionMap": Map {},
          "pendingLanes": 0,
          "pingCache": null,
          "pingedLanes": 0,
          "suspendedLanes": 0,
          "tag": 0,
          "timeoutHandle": -1,
        },
        "tag": 3,
        "treeBaseDuration": 0,
        "type": null,
        "updateQueue": Object {
          "baseState": null,
          "effects": null,
          "firstBaseUpdate": Object {
            "callback": null,
            "eventTime": 177,
            "lane": 1,
            "next": null,
            "payload": Object {
              "element": <Text>
                Test
              </Text>,
            },
            "tag": 0,
          },
          "lastBaseUpdate": Object {
            "callback": null,
            "eventTime": 177,
            "lane": 1,
            "next": null,
            "payload": Object {
              "element": <Text>
                Test
              </Text>,
            },
            "tag": 0,
          },
          "shared": Object {
            "pending": null,
          },
        },
      },
      "child": [Circular],
      "childLanes": 0,
      "dependencies": null,
      "elementType": null,
      "firstEffect": [Circular],
      "flags": 256,
      "index": 0,
      "key": null,
      "lanes": 0,
      "lastEffect": [Circular],
      "memoizedProps": null,
      "memoizedState": Object {
        "element": <Text>
          Test
        </Text>,
      },
      "mode": 0,
      "nextEffect": null,
      "pendingProps": null,
      "ref": null,
      "return": null,
      "selfBaseDuration": 0,
      "sibling": null,
      "stateNode": FiberRootNode {
        "_debugRootType": "createLegacyRoot()",
        "callbackNode": null,
        "callbackPriority": 15,
        "containerInfo": Object {
          "children": Array [
            Object {
              "children": Array [
                Object {
                  "isHidden": false,
                  "tag": "TEXT",
                  "text": "Test",
                },
              ],
              "internalInstanceHandle": FiberNode {
                "_debugHookTypes": null,
                "_debugID": 5,
                "_debugNeedsRemount": false,
                "_debugOwner": FiberNode {
                  "_debugHookTypes": null,
                  "_debugID": 4,
                  "_debugNeedsRemount": false,
                  "_debugOwner": [Circular],
                  "_debugSource": null,
                  "actualDuration": 0,
                  "actualStartTime": -1,
                  "alternate": null,
                  "child": [Circular],
                  "childLanes": 0,
                  "dependencies": null,
                  "elementType": [Function],
                  "firstEffect": null,
                  "flags": 1,
                  "index": 0,
                  "key": null,
                  "lanes": 0,
                  "lastEffect": null,
                  "memoizedProps": Object {
                    "children": "Test",
                    "maxFontSizeMultiplier": 1,
                    "style": Array [
                      Object {
                        "bottom": -5,
                        "color": "#333333",
                        "fontSize": 15.714285714285714,
                        "marginBottom": 0,
                        "textAlign": "center",
                        "textAlignVertical": "center",
                      },
                      undefined,
                    ],
                  },
                  "memoizedState": null,
                  "mode": 0,
                  "nextEffect": null,
                  "pendingProps": Object {
                    "children": "Test",
                    "maxFontSizeMultiplier": 1,
                    "style": Array [
                      Object {
                        "bottom": -5,
                        "color": "#333333",
                        "fontSize": 15.714285714285714,
                        "marginBottom": 0,
                        "textAlign": "center",
                        "textAlignVertical": "center",
                      },
                      undefined,
                    ],
                  },
                  "ref": null,
                  "return": [Circular],
                  "selfBaseDuration": 0,
                  "sibling": null,
                  "stateNode": Component {
                    "_reactInternalInstance": Object {},
                    "_reactInternals": [Circular],
                    "context": Object {},
                    "props": Object {
                      "children": "Test",
                      "maxFontSizeMultiplier": 1,
                      "style": Array [
                        Object {
                          "bottom": -5,
                          "color": "#333333",
                          "fontSize": 15.714285714285714,
                          "marginBottom": 0,
                          "textAlign": "center",
                          "textAlignVertical": "center",
                        },
                        undefined,
                      ],
                    },
                    "refs": Object {},
                    "state": null,
                    "updater": Object {
                      "enqueueForceUpdate": [Function],
                      "enqueueReplaceState": [Function],
                      "enqueueSetState": [Function],
                      "isMounted": [Function],
                    },
                  },
                  "tag": 1,
                  "treeBaseDuration": 0,
                  "type": [Function],
                  "updateQueue": Object {
                    "baseState": null,
                    "effects": null,
                    "firstBaseUpdate": null,
                    "lastBaseUpdate": null,
                    "shared": Object {
                      "pending": null,
                    },
                  },
                },
                "_debugSource": null,
                "actualDuration": 0,
                "actualStartTime": -1,
                "alternate": null,
                "child": FiberNode {
                  "_debugHookTypes": null,
                  "_debugID": 6,
                  "_debugNeedsRemount": false,
                  "_debugOwner": null,
                  "_debugSource": null,
                  "actualDuration": 0,
                  "actualStartTime": -1,
                  "alternate": null,
                  "child": null,
                  "childLanes": 0,
                  "dependencies": null,
                  "elementType": null,
                  "firstEffect": null,
                  "flags": 0,
                  "index": 0,
                  "key": null,
                  "lanes": 0,
                  "lastEffect": null,
                  "memoizedProps": "Test",
                  "memoizedState": null,
                  "mode": 0,
                  "nextEffect": null,
                  "pendingProps": "Test",
                  "ref": null,
                  "return": [Circular],
                  "selfBaseDuration": 0,
                  "sibling": null,
                  "stateNode": Object {
                    "isHidden": false,
                    "tag": "TEXT",
                    "text": "Test",
                  },
                  "tag": 6,
                  "treeBaseDuration": 0,
                  "type": null,
                  "updateQueue": null,
                },
                "childLanes": 0,
                "dependencies": null,
                "elementType": "Text",
                "firstEffect": null,
                "flags": 0,
                "index": 0,
                "key": null,
                "lanes": 0,
                "lastEffect": null,
                "memoizedProps": Object {
                  "children": "Test",
                  "maxFontSizeMultiplier": 1,
                  "style": Array [
                    Object {
                      "bottom": -5,
                      "color": "#333333",
                      "fontSize": 15.714285714285714,
                      "marginBottom": 0,
                      "textAlign": "center",
                      "textAlignVertical": "center",
                    },
                    undefined,
                  ],
                },
                "memoizedState": null,
                "mode": 0,
                "nextEffect": null,
                "pendingProps": Object {
                  "children": "Test",
                  "maxFontSizeMultiplier": 1,
                  "style": Array [
                    Object {
                      "bottom": -5,
                      "color": "#333333",
                      "fontSize": 15.714285714285714,
                      "marginBottom": 0,
                      "textAlign": "center",
                      "textAlignVertical": "center",
                    },
                    undefined,
                  ],
                },
                "ref": null,
                "return": FiberNode {
                  "_debugHookTypes": null,
                  "_debugID": 4,
                  "_debugNeedsRemount": false,
                  "_debugOwner": [Circular],
                  "_debugSource": null,
                  "actualDuration": 0,
                  "actualStartTime": -1,
                  "alternate": null,
                  "child": [Circular],
                  "childLanes": 0,
                  "dependencies": null,
                  "elementType": [Function],
                  "firstEffect": null,
                  "flags": 1,
                  "index": 0,
                  "key": null,
                  "lanes": 0,
                  "lastEffect": null,
                  "memoizedProps": Object {
                    "children": "Test",
                    "maxFontSizeMultiplier": 1,
                    "style": Array [
                      Object {
                        "bottom": -5,
                        "color": "#333333",
                        "fontSize": 15.714285714285714,
                        "marginBottom": 0,
                        "textAlign": "center",
                        "textAlignVertical": "center",
                      },
                      undefined,
                    ],
                  },
                  "memoizedState": null,
                  "mode": 0,
                  "nextEffect": null,
                  "pendingProps": Object {
                    "children": "Test",
                    "maxFontSizeMultiplier": 1,
                    "style": Array [
                      Object {
                        "bottom": -5,
                        "color": "#333333",
                        "fontSize": 15.714285714285714,
                        "marginBottom": 0,
                        "textAlign": "center",
                        "textAlignVertical": "center",
                      },
                      undefined,
                    ],
                  },
                  "ref": null,
                  "return": [Circular],
                  "selfBaseDuration": 0,
                  "sibling": null,
                  "stateNode": Component {
                    "_reactInternalInstance": Object {},
                    "_reactInternals": [Circular],
                    "context": Object {},
                    "props": Object {
                      "children": "Test",
                      "maxFontSizeMultiplier": 1,
                      "style": Array [
                        Object {
                          "bottom": -5,
                          "color": "#333333",
                          "fontSize": 15.714285714285714,
                          "marginBottom": 0,
                          "textAlign": "center",
                          "textAlignVertical": "center",
                        },
                        undefined,
                      ],
                    },
                    "refs": Object {},
                    "state": null,
                    "updater": Object {
                      "enqueueForceUpdate": [Function],
                      "enqueueReplaceState": [Function],
                      "enqueueSetState": [Function],
                      "isMounted": [Function],
                    },
                  },
                  "tag": 1,
                  "treeBaseDuration": 0,
                  "type": [Function],
                  "updateQueue": Object {
                    "baseState": null,
                    "effects": null,
                    "firstBaseUpdate": null,
                    "lastBaseUpdate": null,
                    "shared": Object {
                      "pending": null,
                    },
                  },
                },
                "selfBaseDuration": 0,
                "sibling": null,
                "stateNode": [Circular],
                "tag": 5,
                "treeBaseDuration": 0,
                "type": "Text",
                "updateQueue": null,
              },
              "isHidden": false,
              "props": Object {
                "children": "Test",
                "maxFontSizeMultiplier": 1,
                "style": Array [
                  Object {
                    "bottom": -5,
                    "color": "#333333",
                    "fontSize": 15.714285714285714,
                    "marginBottom": 0,
                    "textAlign": "center",
                    "textAlignVertical": "center",
                  },
                  undefined,
                ],
              },
              "rootContainerInstance": [Circular],
              "tag": "INSTANCE",
              "type": "Text",
            },
          ],
          "createNodeMock": [Function],
          "tag": "CONTAINER",
        },
        "context": Object {},
        "current": [Circular],
        "entangledLanes": 0,
        "entanglements": Array [
          0,
          0,
          0,
          0,
          0,
          0,
          0,
          0,
          0,
          0,
          0,
          0,
          0,
          0,
          0,
          0,
          0,
          0,
          0,
          0,
          0,
          0,
          0,
          0,
          0,
          0,
          0,
          0,
          0,
          0,
          0,
        ],
        "eventTimes": Array [
          -1,
          0,
          0,
          0,
          0,
          0,
          0,
          0,
          0,
          0,
          0,
          0,
          0,
          0,
          0,
          0,
          0,
          0,
          0,
          0,
          0,
          0,
          0,
          0,
          0,
          0,
          0,
          0,
          0,
          0,
          0,
        ],
        "expirationTimes": Array [
          -1,
          -1,
          -1,
          -1,
          -1,
          -1,
          -1,
          -1,
          -1,
          -1,
          -1,
          -1,
          -1,
          -1,
          -1,
          -1,
          -1,
          -1,
          -1,
          -1,
          -1,
          -1,
          -1,
          -1,
          -1,
          -1,
          -1,
          -1,
          -1,
          -1,
          -1,
        ],
        "expiredLanes": 0,
        "finishedLanes": 0,
        "finishedWork": null,
        "hydrate": false,
        "interactionThreadID": 1,
        "memoizedInteractions": Set {},
        "mutableReadLanes": 0,
        "pendingChildren": null,
        "pendingContext": null,
        "pendingInteractionMap": Map {},
        "pendingLanes": 0,
        "pingCache": null,
        "pingedLanes": 0,
        "suspendedLanes": 0,
        "tag": 0,
        "timeoutHandle": -1,
      },
      "tag": 3,
      "treeBaseDuration": 0,
      "type": null,
      "updateQueue": Object {
        "baseState": Object {
          "element": <Text>
            Test
          </Text>,
        },
        "effects": null,
        "firstBaseUpdate": null,
        "lastBaseUpdate": null,
        "shared": Object {
          "pending": null,
        },
      },
    },
    "selfBaseDuration": 0,
    "sibling": null,
    "stateNode": null,
    "tag": 0,
    "treeBaseDuration": 0,
    "type": [Function],
    "updateQueue": null,
  },
}
`;
